// Jest Snapshot v1, https://goo.gl/fbAQLP

exports[`Styled Components: Card renders correctly - Card Style Component 1`] = `
.c0 {
  background-color: #fff;
  box-shadow: 0px 1px 3px 0px rgba(0,0,0,0.2),0px 1px 1px 0px rgba(0,0,0,0.14),0px 2px 1px -1px rgba(0,0,0,0.12);
  border-radius: 4px;
  overflow: hidden;
  height: auto;
  max-width: 600px;
  min-width: 600px;
  margin: auto;
}

<div
  className="c0"
>
  Testing Card
</div>
`;
